.\venv\Scripts\python.exe : C:\Users\DELL\Desktop\Backend\venv\Lib\site-packages\rest_framework_simplejwt\__init__.py:1: UserWarning: pkg_resources is 
deprecated as an API. See https://setuptools.pypa.io/en/latest/pkg_resources.html. The pkg_resources package is slated for removal as early as 2025-11-30. 
Refrain from using this package or pin to Setuptools<81.
At line:1 char:35
+ ...  --noinput; .\venv\Scripts\python.exe test_e2e_comprehensive.py > tes ...
+                 ~~~~~~~~~~~~~~~~~~~~~~~~~~~~~~~~~~~~~~~~~~~~~~~~~~~~~~~~~
    + CategoryInfo          : NotSpecified: (C:\Users\DELL\D... Setuptools<81.:String) [], RemoteException
    + FullyQualifiedErrorId : NativeCommandError
 
  from pkg_resources import DistributionNotFound, get_distribution

================================================================================
  COVU - COMPREHENSIVE END-TO-END TEST SUITE
================================================================================

  [INFO] Test Run ID: 1760960399
  [INFO] Testing complete marketplace flow based on COVU vision

================================================================================
  PART 1: USER REGISTRATION & AUTHENTICATION
================================================================================

  [INFO] Vision: 'Everyone is a potential seller, but by default everyone is a buyer'

--------------------------------------------------------------------------------
  1.1: Register Buyers in Different Locations
--------------------------------------------------------------------------------

  [ERROR] Register Lagos Buyer (Ikeja): Expected 201, got 400
  [ERROR] Response: {"phone_number":["User with this phone number already exists."]}
  [ERROR] Register Lagos Buyer (Lekki): Expected 201, got 400
  [ERROR] Response: {"phone_number":["User with this phone number already exists."]}
  [ERROR] Register Abuja Buyer: Expected 201, got 400
  [ERROR] Response: {"phone_number":["User with this phone number already exists."]}
  [OK] 
Total Buyers Registered: 0

--------------------------------------------------------------------------------
  1.2: Register Sellers in Different Locations
--------------------------------------------------------------------------------

  [ERROR] Register Lagos Seller (Ikeja): Expected 201, got 400
  [ERROR] Response: {"phone_number":["User with this phone number already exists."]}
  [ERROR] Register Lagos Seller (Yaba): Expected 201, got 400
  [ERROR] Response: {"phone_number":["User with this phone number already exists."]}
  [ERROR] Register Abuja Seller: Expected 201, got 400
  [ERROR] Response: {"phone_number":["User with this phone number already exists."]}
  [OK] 
Total Sellers Registered: 0
Traceback (most recent call last):
  File "C:\Users\DELL\Desktop\Backend\test_e2e_comprehensive.py", line 267, in <module>
    error("\n\u274c CRITICAL: No buyers registered successfully. Cannot continue test.")
    ~~~~~^^^^^^^^^^^^^^^^^^^^^^^^^^^^^^^^^^^^^^^^^^^^^^^^^^^^^^^^^^^^^^^^^^^^^^^^^^^
  File "C:\Users\DELL\Desktop\Backend\test_e2e_comprehensive.py", line 85, in error
    print(f"  [ERROR] {message}")
    ~~~~~^^^^^^^^^^^^^^^^^^^^^^^^
  File "C:\Users\DELL\Desktop\Backend\venv\Lib\site-packages\colorama\ansitowin32.py", line 47, in write
    self.__convertor.write(text)
    ~~~~~~~~~~~~~~~~~~~~~~^^^^^^
  File "C:\Users\DELL\Desktop\Backend\venv\Lib\site-packages\colorama\ansitowin32.py", line 177, in write
    self.write_and_convert(text)
    ~~~~~~~~~~~~~~~~~~~~~~^^^^^^
  File "C:\Users\DELL\Desktop\Backend\venv\Lib\site-packages\colorama\ansitowin32.py", line 205, in write_and_convert
    self.write_plain_text(text, cursor, len(text))
    ~~~~~~~~~~~~~~~~~~~~~^^^^^^^^^^^^^^^^^^^^^^^^^
  File "C:\Users\DELL\Desktop\Backend\venv\Lib\site-packages\colorama\ansitowin32.py", line 210, in write_plain_text
    self.wrapped.write(text[start:end])
    ~~~~~~~~~~~~~~~~~~^^^^^^^^^^^^^^^^^
  File "C:\Users\DELL\AppData\Local\Programs\Python\Python313\Lib\encodings\cp1252.py", line 19, in encode
    return codecs.charmap_encode(input,self.errors,encoding_table)[0]
           ~~~~~~~~~~~~~~~~~~~~~^^^^^^^^^^^^^^^^^^^^^^^^^^^^^^^^^^
UnicodeEncodeError: 'charmap' codec can't encode character '\u274c' in position 12: character maps to <undefined>
